
Published Tunings
----------------------------------------------------------------
Name                          Description                                                                                         Default|Min|Max
test.foo                      This is the description for test.foo.                                                               ---

Un-published Tunings
----------------------------------------------------------------
Name                          Description                                                                                         Default|Min|Max
test.bar                      This is the description for test.bar.                                                               ---
